// Jest Snapshot v1, https://goo.gl/fbAQLP

exports[`<Layouts/> renders correctly 1`] = `
<React.Fragment>
  <Unknown />
  <Unknown>
    test
  </Unknown>
  <Footer />
</React.Fragment>
`;
