// Jest Snapshot v1, https://goo.gl/fbAQLP

exports[`<App/> renders correctly 1`] = `
<Layout>
  <Switch>
    <Route
      exact={true}
      path="/"
      render={[Function]}
    />
    <Route
      path="/skills/:id"
      render={[Function]}
    />
    <Route
      render={[Function]}
    />
  </Switch>
</Layout>
`;
