// Jest Snapshot v1, https://goo.gl/fbAQLP

exports[`CenterPane should render correctly with enzyme mount 1`] = `
<CenterPane
  styles={
    Object {
      "CenterPane": Object {
        "height": "100%",
        "marginBottom": 10,
        "marginLeft": 10,
        "marginRight": 10,
        "marginTop": 5,
        "padding": 20,
      },
    }
  }
>
  test
</CenterPane>
`;
